Analysis & Synthesis report for DAC_SW
Sat Apr 13 21:59:37 2024
Quartus Prime Version 17.0.0 Build 595 04/25/2017 SJ Lite Edition


---------------------
; Table of Contents ;
---------------------
  1. Legal Notice
  2. Analysis & Synthesis Summary
  3. Analysis & Synthesis Settings
  4. Parallel Compilation
  5. Analysis & Synthesis Source Files Read
  6. Analysis & Synthesis Resource Usage Summary
  7. Analysis & Synthesis Resource Utilization by Entity
  8. User-Specified and Inferred Latches
  9. General Register Statistics
 10. Inverted Register Statistics
 11. Post-Synthesis Netlist Statistics for Top Partition
 12. Elapsed Time Per Partition
 13. Analysis & Synthesis Messages



----------------
; Legal Notice ;
----------------
Copyright (C) 2017  Intel Corporation. All rights reserved.
Your use of Intel Corporation's design tools, logic functions 
and other software and tools, and its AMPP partner logic 
functions, and any output files from any of the foregoing 
(including device programming or simulation files), and any 
associated documentation or information are expressly subject 
to the terms and conditions of the Intel Program License 
Subscription Agreement, the Intel Quartus Prime License Agreement,
the Intel MegaCore Function License Agreement, or other 
applicable license agreement, including, without limitation, 
that your use is for the sole purpose of programming logic 
devices manufactured by Intel and sold by Intel or its 
authorized distributors.  Please refer to the applicable 
agreement for further details.



+----------------------------------------------------------------------------------+
; Analysis & Synthesis Summary                                                     ;
+------------------------------------+---------------------------------------------+
; Analysis & Synthesis Status        ; Successful - Sat Apr 13 21:59:37 2024       ;
; Quartus Prime Version              ; 17.0.0 Build 595 04/25/2017 SJ Lite Edition ;
; Revision Name                      ; DAC_SW                                      ;
; Top-level Entity Name              ; DAC_SW                                      ;
; Family                             ; MAX 10                                      ;
; Total logic elements               ; 107                                         ;
;     Total combinational functions  ; 105                                         ;
;     Dedicated logic registers      ; 64                                          ;
; Total registers                    ; 64                                          ;
; Total pins                         ; 47                                          ;
; Total virtual pins                 ; 0                                           ;
; Total memory bits                  ; 0                                           ;
; Embedded Multiplier 9-bit elements ; 0                                           ;
; Total PLLs                         ; 0                                           ;
; UFM blocks                         ; 0                                           ;
; ADC blocks                         ; 0                                           ;
+------------------------------------+---------------------------------------------+


+----------------------------------------------------------------------------------------------------------------------+
; Analysis & Synthesis Settings                                                                                        ;
+----------------------------------------------------------------------------+--------------------+--------------------+
; Option                                                                     ; Setting            ; Default Value      ;
+----------------------------------------------------------------------------+--------------------+--------------------+
; Device                                                                     ; 10M50DAF484C7G     ;                    ;
; Top-level entity name                                                      ; DAC_SW             ; DAC_SW             ;
; Family name                                                                ; MAX 10             ; Cyclone V          ;
; Use smart compilation                                                      ; Off                ; Off                ;
; Enable parallel Assembler and TimeQuest Timing Analyzer during compilation ; On                 ; On                 ;
; Enable compact report table                                                ; Off                ; Off                ;
; Restructure Multiplexers                                                   ; Auto               ; Auto               ;
; Create Debugging Nodes for IP Cores                                        ; Off                ; Off                ;
; Preserve fewer node names                                                  ; On                 ; On                 ;
; OpenCore Plus hardware evaluation                                          ; Enable             ; Enable             ;
; Verilog Version                                                            ; Verilog_2001       ; Verilog_2001       ;
; VHDL Version                                                               ; VHDL_1993          ; VHDL_1993          ;
; State Machine Processing                                                   ; Auto               ; Auto               ;
; Safe State Machine                                                         ; Off                ; Off                ;
; Extract Verilog State Machines                                             ; On                 ; On                 ;
; Extract VHDL State Machines                                                ; On                 ; On                 ;
; Ignore Verilog initial constructs                                          ; Off                ; Off                ;
; Iteration limit for constant Verilog loops                                 ; 5000               ; 5000               ;
; Iteration limit for non-constant Verilog loops                             ; 250                ; 250                ;
; Add Pass-Through Logic to Inferred RAMs                                    ; On                 ; On                 ;
; Infer RAMs from Raw Logic                                                  ; On                 ; On                 ;
; Parallel Synthesis                                                         ; On                 ; On                 ;
; DSP Block Balancing                                                        ; Auto               ; Auto               ;
; NOT Gate Push-Back                                                         ; On                 ; On                 ;
; Power-Up Don't Care                                                        ; On                 ; On                 ;
; Remove Redundant Logic Cells                                               ; Off                ; Off                ;
; Remove Duplicate Registers                                                 ; On                 ; On                 ;
; Ignore CARRY Buffers                                                       ; Off                ; Off                ;
; Ignore CASCADE Buffers                                                     ; Off                ; Off                ;
; Ignore GLOBAL Buffers                                                      ; Off                ; Off                ;
; Ignore ROW GLOBAL Buffers                                                  ; Off                ; Off                ;
; Ignore LCELL Buffers                                                       ; Off                ; Off                ;
; Ignore SOFT Buffers                                                        ; On                 ; On                 ;
; Limit AHDL Integers to 32 Bits                                             ; Off                ; Off                ;
; Optimization Technique                                                     ; Balanced           ; Balanced           ;
; Carry Chain Length                                                         ; 70                 ; 70                 ;
; Auto Carry Chains                                                          ; On                 ; On                 ;
; Auto Open-Drain Pins                                                       ; On                 ; On                 ;
; Perform WYSIWYG Primitive Resynthesis                                      ; Off                ; Off                ;
; Auto ROM Replacement                                                       ; On                 ; On                 ;
; Auto RAM Replacement                                                       ; On                 ; On                 ;
; Auto DSP Block Replacement                                                 ; On                 ; On                 ;
; Auto Shift Register Replacement                                            ; Auto               ; Auto               ;
; Allow Shift Register Merging across Hierarchies                            ; Auto               ; Auto               ;
; Auto Clock Enable Replacement                                              ; On                 ; On                 ;
; Strict RAM Replacement                                                     ; Off                ; Off                ;
; Allow Synchronous Control Signals                                          ; On                 ; On                 ;
; Force Use of Synchronous Clear Signals                                     ; Off                ; Off                ;
; Auto RAM Block Balancing                                                   ; On                 ; On                 ;
; Auto RAM to Logic Cell Conversion                                          ; Off                ; Off                ;
; Auto Resource Sharing                                                      ; Off                ; Off                ;
; Allow Any RAM Size For Recognition                                         ; Off                ; Off                ;
; Allow Any ROM Size For Recognition                                         ; Off                ; Off                ;
; Allow Any Shift Register Size For Recognition                              ; Off                ; Off                ;
; Use LogicLock Constraints during Resource Balancing                        ; On                 ; On                 ;
; Ignore translate_off and synthesis_off directives                          ; Off                ; Off                ;
; Timing-Driven Synthesis                                                    ; On                 ; On                 ;
; Report Parameter Settings                                                  ; On                 ; On                 ;
; Report Source Assignments                                                  ; On                 ; On                 ;
; Report Connectivity Checks                                                 ; On                 ; On                 ;
; Ignore Maximum Fan-Out Assignments                                         ; Off                ; Off                ;
; Synchronization Register Chain Length                                      ; 2                  ; 2                  ;
; PowerPlay Power Optimization During Synthesis                              ; Normal compilation ; Normal compilation ;
; HDL message level                                                          ; Level2             ; Level2             ;
; Suppress Register Optimization Related Messages                            ; Off                ; Off                ;
; Number of Removed Registers Reported in Synthesis Report                   ; 5000               ; 5000               ;
; Number of Swept Nodes Reported in Synthesis Report                         ; 5000               ; 5000               ;
; Number of Inverted Registers Reported in Synthesis Report                  ; 100                ; 100                ;
; Clock MUX Protection                                                       ; On                 ; On                 ;
; Auto Gated Clock Conversion                                                ; Off                ; Off                ;
; Block Design Naming                                                        ; Auto               ; Auto               ;
; SDC constraint protection                                                  ; Off                ; Off                ;
; Synthesis Effort                                                           ; Auto               ; Auto               ;
; Shift Register Replacement - Allow Asynchronous Clear Signal               ; On                 ; On                 ;
; Pre-Mapping Resynthesis Optimization                                       ; Off                ; Off                ;
; Analysis & Synthesis Message Level                                         ; Medium             ; Medium             ;
; Disable Register Merging Across Hierarchies                                ; Auto               ; Auto               ;
; Resource Aware Inference For Block RAM                                     ; On                 ; On                 ;
+----------------------------------------------------------------------------+--------------------+--------------------+


+------------------------------------------+
; Parallel Compilation                     ;
+----------------------------+-------------+
; Processors                 ; Number      ;
+----------------------------+-------------+
; Number detected on machine ; 8           ;
; Maximum allowed            ; 4           ;
;                            ;             ;
; Average used               ; 1.00        ;
; Maximum used               ; 4           ;
;                            ;             ;
; Usage by Processor         ; % Time Used ;
;     Processor 1            ; 100.0%      ;
;     Processors 2-4         ;   0.0%      ;
+----------------------------+-------------+


+--------------------------------------------------------------------------------------------------------------------------------------------------+
; Analysis & Synthesis Source Files Read                                                                                                           ;
+----------------------------------+-----------------+------------------------------------+----------------------------------------------+---------+
; File Name with User-Entered Path ; Used in Netlist ; File Type                          ; File Name with Absolute Path                 ; Library ;
+----------------------------------+-----------------+------------------------------------+----------------------------------------------+---------+
; DAC_SW.bdf                       ; yes             ; User Block Diagram/Schematic File  ; C:/LIHI/git/DAC_SW/DAC_SW.bdf                ;         ;
; output_files/cd.vhd              ; yes             ; User VHDL File                     ; C:/LIHI/git/DAC_SW/output_files/cd.vhd       ;         ;
; octava.vhd                       ; yes             ; User VHDL File                     ; C:/LIHI/git/DAC_SW/octava.vhd                ;         ;
; padding1.vhd                     ; yes             ; User VHDL File                     ; C:/LIHI/git/DAC_SW/padding1.vhd              ;         ;
; output_files/pulse_sw.vhd        ; yes             ; User VHDL File                     ; C:/LIHI/git/DAC_SW/output_files/pulse_sw.vhd ;         ;
; dac_wave.vhd                     ; yes             ; Auto-Found VHDL File               ; C:/LIHI/git/DAC_SW/dac_wave.vhd              ;         ;
; bin2dex.vhd                      ; yes             ; Auto-Found VHDL File               ; C:/LIHI/git/DAC_SW/bin2dex.vhd               ;         ;
; half8.vhd                        ; yes             ; Auto-Found VHDL File               ; C:/LIHI/git/DAC_SW/half8.vhd                 ;         ;
; padding.vhd                      ; yes             ; Auto-Found VHDL File               ; C:/LIHI/git/DAC_SW/padding.vhd               ;         ;
+----------------------------------+-----------------+------------------------------------+----------------------------------------------+---------+


+---------------------------------------------------------+
; Analysis & Synthesis Resource Usage Summary             ;
+---------------------------------------------+-----------+
; Resource                                    ; Usage     ;
+---------------------------------------------+-----------+
; Estimated Total logic elements              ; 107       ;
;                                             ;           ;
; Total combinational functions               ; 105       ;
; Logic element usage by number of LUT inputs ;           ;
;     -- 4 input functions                    ; 38        ;
;     -- 3 input functions                    ; 13        ;
;     -- <=2 input functions                  ; 54        ;
;                                             ;           ;
; Logic elements by mode                      ;           ;
;     -- normal mode                          ; 51        ;
;     -- arithmetic mode                      ; 54        ;
;                                             ;           ;
; Total registers                             ; 64        ;
;     -- Dedicated logic registers            ; 64        ;
;     -- I/O registers                        ; 0         ;
;                                             ;           ;
; I/O pins                                    ; 47        ;
;                                             ;           ;
; Embedded Multiplier 9-bit elements          ; 0         ;
;                                             ;           ;
; Maximum fan-out node                        ; clk~input ;
; Maximum fan-out                             ; 50        ;
; Total fan-out                               ; 600       ;
; Average fan-out                             ; 2.28      ;
+---------------------------------------------+-----------+


+----------------------------------------------------------------------------------------------------------------------------------------------------------------------------------------------------------------------------------------+
; Analysis & Synthesis Resource Utilization by Entity                                                                                                                                                                                    ;
+----------------------------+---------------------+---------------------------+-------------+------------+--------------+---------+-----------+------+--------------+------------+-------------------------+-------------+--------------+
; Compilation Hierarchy Node ; Combinational ALUTs ; Dedicated Logic Registers ; Memory Bits ; UFM Blocks ; DSP Elements ; DSP 9x9 ; DSP 18x18 ; Pins ; Virtual Pins ; ADC blocks ; Full Hierarchy Name     ; Entity Name ; Library Name ;
+----------------------------+---------------------+---------------------------+-------------+------------+--------------+---------+-----------+------+--------------+------------+-------------------------+-------------+--------------+
; |DAC_SW                    ; 105 (0)             ; 64 (0)                    ; 0           ; 0          ; 0            ; 0       ; 0         ; 47   ; 0            ; 0          ; |DAC_SW                 ; DAC_SW      ; work         ;
;    |bin2dex:inst10|        ; 5 (5)               ; 0 (0)                     ; 0           ; 0          ; 0            ; 0       ; 0         ; 0    ; 0            ; 0          ; |DAC_SW|bin2dex:inst10  ; bin2dex     ; work         ;
;    |bin2dex:inst13|        ; 7 (7)               ; 0 (0)                     ; 0           ; 0          ; 0            ; 0       ; 0         ; 0    ; 0            ; 0          ; |DAC_SW|bin2dex:inst13  ; bin2dex     ; work         ;
;    |bin2dex:inst8|         ; 6 (6)               ; 0 (0)                     ; 0           ; 0          ; 0            ; 0       ; 0         ; 0    ; 0            ; 0          ; |DAC_SW|bin2dex:inst8   ; bin2dex     ; work         ;
;    |cd:inst|               ; 32 (32)             ; 25 (25)                   ; 0           ; 0          ; 0            ; 0       ; 0         ; 0    ; 0            ; 0          ; |DAC_SW|cd:inst         ; cd          ; work         ;
;    |dac_wave:inst2|        ; 15 (15)             ; 8 (8)                     ; 0           ; 0          ; 0            ; 0       ; 0         ; 0    ; 0            ; 0          ; |DAC_SW|dac_wave:inst2  ; dac_wave    ; work         ;
;    |octava:inst6|          ; 4 (4)               ; 4 (4)                     ; 0           ; 0          ; 0            ; 0       ; 0         ; 0    ; 0            ; 0          ; |DAC_SW|octava:inst6    ; octava      ; work         ;
;    |pulse_sw:inst19|       ; 36 (36)             ; 27 (27)                   ; 0           ; 0          ; 0            ; 0       ; 0         ; 0    ; 0            ; 0          ; |DAC_SW|pulse_sw:inst19 ; pulse_sw    ; work         ;
+----------------------------+---------------------+---------------------------+-------------+------------+--------------+---------+-----------+------+--------------+------------+-------------------------+-------------+--------------+
Note: For table entries with two numbers listed, the numbers in parentheses indicate the number of resources of the given type used by the specific entity alone. The numbers listed outside of parentheses indicate the total resources of the given type used by the specific entity and all of its sub-entities in the hierarchy.


+---------------------------------------------------------------------------------------------------+
; User-Specified and Inferred Latches                                                               ;
+----------------------------------------------------+---------------------+------------------------+
; Latch Name                                         ; Latch Enable Signal ; Free of Timing Hazards ;
+----------------------------------------------------+---------------------+------------------------+
; dac_wave:inst2|u_d                                 ; GND                 ; yes                    ;
; Number of user-specified and inferred latches = 1  ;                     ;                        ;
+----------------------------------------------------+---------------------+------------------------+
Note: All latches listed above may not be present at the end of synthesis due to various synthesis optimizations.


+------------------------------------------------------+
; General Register Statistics                          ;
+----------------------------------------------+-------+
; Statistic                                    ; Value ;
+----------------------------------------------+-------+
; Total registers                              ; 64    ;
; Number of registers using Synchronous Clear  ; 49    ;
; Number of registers using Synchronous Load   ; 0     ;
; Number of registers using Asynchronous Clear ; 27    ;
; Number of registers using Asynchronous Load  ; 0     ;
; Number of registers using Clock Enable       ; 25    ;
; Number of registers using Preset             ; 0     ;
+----------------------------------------------+-------+


+--------------------------------------------------+
; Inverted Register Statistics                     ;
+----------------------------------------+---------+
; Inverted Register                      ; Fan out ;
+----------------------------------------+---------+
; octava:inst6|cnt[2]                    ; 21      ;
; Total number of inverted registers = 1 ;         ;
+----------------------------------------+---------+


+-----------------------------------------------------+
; Post-Synthesis Netlist Statistics for Top Partition ;
+-----------------------+-----------------------------+
; Type                  ; Count                       ;
+-----------------------+-----------------------------+
; boundary_port         ; 47                          ;
; cycloneiii_ff         ; 64                          ;
;     CLR               ; 2                           ;
;     ENA CLR SCLR      ; 25                          ;
;     SCLR              ; 24                          ;
;     plain             ; 13                          ;
; cycloneiii_lcell_comb ; 112                         ;
;     arith             ; 54                          ;
;         2 data inputs ; 48                          ;
;         3 data inputs ; 6                           ;
;     normal            ; 58                          ;
;         0 data inputs ; 2                           ;
;         1 data inputs ; 7                           ;
;         2 data inputs ; 4                           ;
;         3 data inputs ; 7                           ;
;         4 data inputs ; 38                          ;
;                       ;                             ;
; Max LUT depth         ; 4.00                        ;
; Average LUT depth     ; 2.50                        ;
+-----------------------+-----------------------------+


+-------------------------------+
; Elapsed Time Per Partition    ;
+----------------+--------------+
; Partition Name ; Elapsed Time ;
+----------------+--------------+
; Top            ; 00:00:01     ;
+----------------+--------------+


+-------------------------------+
; Analysis & Synthesis Messages ;
+-------------------------------+
Info: *******************************************************************
Info: Running Quartus Prime Analysis & Synthesis
    Info: Version 17.0.0 Build 595 04/25/2017 SJ Lite Edition
    Info: Processing started: Sat Apr 13 21:59:24 2024
Info: Command: quartus_map --read_settings_files=on --write_settings_files=off DAC_SW -c DAC_SW
Warning (18236): Number of processors has not been specified which may cause overloading on shared machines.  Set the global assignment NUM_PARALLEL_PROCESSORS in your QSF to an appropriate value for best performance.
Info (20030): Parallel compilation is enabled and will use 4 of the 4 processors detected
Info (12021): Found 1 design units, including 1 entities, in source file dac_sw.bdf
    Info (12023): Found entity 1: DAC_SW
Info (12021): Found 2 design units, including 1 entities, in source file output_files/cd.vhd
    Info (12022): Found design unit 1: cd-b File: C:/LIHI/git/DAC_SW/output_files/cd.vhd Line: 8
    Info (12023): Found entity 1: cd File: C:/LIHI/git/DAC_SW/output_files/cd.vhd Line: 3
Info (12021): Found 2 design units, including 1 entities, in source file octava.vhd
    Info (12022): Found design unit 1: octava-behave File: C:/LIHI/git/DAC_SW/octava.vhd Line: 10
    Info (12023): Found entity 1: octava File: C:/LIHI/git/DAC_SW/octava.vhd Line: 4
Info (12021): Found 2 design units, including 1 entities, in source file padding1.vhd
    Info (12022): Found design unit 1: padding1-behave File: C:/LIHI/git/DAC_SW/padding1.vhd Line: 9
    Info (12023): Found entity 1: padding1 File: C:/LIHI/git/DAC_SW/padding1.vhd Line: 4
Info (12021): Found 2 design units, including 1 entities, in source file output_files/pulse_sw.vhd
    Info (12022): Found design unit 1: pulse_sw-behave File: C:/LIHI/git/DAC_SW/output_files/pulse_sw.vhd Line: 8
    Info (12023): Found entity 1: pulse_sw File: C:/LIHI/git/DAC_SW/output_files/pulse_sw.vhd Line: 3
Info (12127): Elaborating entity "DAC_SW" for the top level hierarchy
Warning (275009): Pin "sw" not connected
Info (12128): Elaborating entity "octava" for hierarchy "octava:inst6"
Info (12128): Elaborating entity "pulse_sw" for hierarchy "pulse_sw:inst19"
Warning (10492): VHDL Process Statement warning at pulse_sw.vhd(17): signal "cnt" is read inside the Process Statement but isn't in the Process Statement's sensitivity list File: C:/LIHI/git/DAC_SW/output_files/pulse_sw.vhd Line: 17
Warning (10492): VHDL Process Statement warning at pulse_sw.vhd(24): signal "clr" is read inside the Process Statement but isn't in the Process Statement's sensitivity list File: C:/LIHI/git/DAC_SW/output_files/pulse_sw.vhd Line: 24
Warning (10492): VHDL Process Statement warning at pulse_sw.vhd(25): signal "enable" is read inside the Process Statement but isn't in the Process Statement's sensitivity list File: C:/LIHI/git/DAC_SW/output_files/pulse_sw.vhd Line: 25
Warning (12125): Using design file dac_wave.vhd, which is not specified as a design file for the current project, but contains definitions for 2 design units and 1 entities in project
    Info (12022): Found design unit 1: dac_wave-behave File: C:/LIHI/git/DAC_SW/dac_wave.vhd Line: 8
    Info (12023): Found entity 1: dac_wave File: C:/LIHI/git/DAC_SW/dac_wave.vhd Line: 4
Info (12128): Elaborating entity "dac_wave" for hierarchy "dac_wave:inst2"
Info (10041): Inferred latch for "u_d" at dac_wave.vhd(21) File: C:/LIHI/git/DAC_SW/dac_wave.vhd Line: 21
Info (12128): Elaborating entity "cd" for hierarchy "cd:inst"
Warning (12125): Using design file bin2dex.vhd, which is not specified as a design file for the current project, but contains definitions for 2 design units and 1 entities in project
    Info (12022): Found design unit 1: bin2dex-behave File: C:/LIHI/git/DAC_SW/bin2dex.vhd Line: 8
    Info (12023): Found entity 1: bin2dex File: C:/LIHI/git/DAC_SW/bin2dex.vhd Line: 3
Info (12128): Elaborating entity "bin2dex" for hierarchy "bin2dex:inst11"
Warning (12125): Using design file half8.vhd, which is not specified as a design file for the current project, but contains definitions for 2 design units and 1 entities in project
    Info (12022): Found design unit 1: half8-behave File: C:/LIHI/git/DAC_SW/half8.vhd Line: 10
    Info (12023): Found entity 1: half8 File: C:/LIHI/git/DAC_SW/half8.vhd Line: 4
Info (12128): Elaborating entity "half8" for hierarchy "half8:inst12"
Warning (12125): Using design file padding.vhd, which is not specified as a design file for the current project, but contains definitions for 2 design units and 1 entities in project
    Info (12022): Found design unit 1: padding-behave File: C:/LIHI/git/DAC_SW/padding.vhd Line: 9
    Info (12023): Found entity 1: padding File: C:/LIHI/git/DAC_SW/padding.vhd Line: 4
Info (12128): Elaborating entity "padding" for hierarchy "padding:inst14"
Info (12128): Elaborating entity "padding1" for hierarchy "padding1:inst17"
Warning (13024): Output pins are stuck at VCC or GND
    Warning (13410): Pin "b" is stuck at GND
    Warning (13410): Pin "highB[6]" is stuck at GND
    Warning (13410): Pin "highB[5]" is stuck at GND
    Warning (13410): Pin "highB[4]" is stuck at GND
    Warning (13410): Pin "highB[3]" is stuck at GND
    Warning (13410): Pin "highB[2]" is stuck at GND
    Warning (13410): Pin "highB[1]" is stuck at GND
    Warning (13410): Pin "highB[0]" is stuck at VCC
Info (286030): Timing-Driven Synthesis is running
Info (16010): Generating hard_block partition "hard_block:auto_generated_inst"
    Info (16011): Adding 0 node(s), including 0 DDIO, 0 PLL, 0 transceiver and 0 LCELL
Warning (21074): Design contains 8 input pin(s) that do not drive logic
    Warning (15610): No output dependent on input pin "sw[7]"
    Warning (15610): No output dependent on input pin "sw[6]"
    Warning (15610): No output dependent on input pin "sw[5]"
    Warning (15610): No output dependent on input pin "sw[4]"
    Warning (15610): No output dependent on input pin "sw[3]"
    Warning (15610): No output dependent on input pin "sw[2]"
    Warning (15610): No output dependent on input pin "sw[1]"
    Warning (15610): No output dependent on input pin "sw[0]"
Info (21057): Implemented 154 device resources after synthesis - the final resource count might be different
    Info (21058): Implemented 10 input pins
    Info (21059): Implemented 37 output pins
    Info (21061): Implemented 107 logic cells
Info: Quartus Prime Analysis & Synthesis was successful. 0 errors, 27 warnings
    Info: Peak virtual memory: 4788 megabytes
    Info: Processing ended: Sat Apr 13 21:59:37 2024
    Info: Elapsed time: 00:00:13
    Info: Total CPU time (on all processors): 00:00:07


