------------------------------------------------------------
TimeQuest Timing Analyzer Summary
------------------------------------------------------------

Type  : Slow 1200mV 85C Model Setup 'RGB_ring:inst33|currentLedBit[3]'
Slack : -6.886
TNS   : -46.257

Type  : Slow 1200mV 85C Model Setup 'clk'
Slack : -5.609
TNS   : -499.726

Type  : Slow 1200mV 85C Model Setup 'boud:inst|f_out_tmp'
Slack : -3.664
TNS   : -97.359

Type  : Slow 1200mV 85C Model Setup 'HC-SR04:inst17|clk_div_58msec:inst|y'
Slack : -1.612
TNS   : -18.709

Type  : Slow 1200mV 85C Model Hold 'clk'
Slack : 0.302
TNS   : 0.000

Type  : Slow 1200mV 85C Model Hold 'HC-SR04:inst17|clk_div_58msec:inst|y'
Slack : 0.340
TNS   : 0.000

Type  : Slow 1200mV 85C Model Hold 'boud:inst|f_out_tmp'
Slack : 0.341
TNS   : 0.000

Type  : Slow 1200mV 85C Model Hold 'RGB_ring:inst33|currentLedBit[3]'
Slack : 0.857
TNS   : 0.000

Type  : Slow 1200mV 85C Model Recovery 'clkdiv:inst9|y'
Slack : -3.225
TNS   : -3.225

Type  : Slow 1200mV 85C Model Recovery 'boud:inst|f_out_tmp'
Slack : -2.112
TNS   : -48.039

Type  : Slow 1200mV 85C Model Recovery 'RX'
Slack : -0.996
TNS   : -0.996

Type  : Slow 1200mV 85C Model Removal 'RX'
Slack : 1.045
TNS   : 0.000

Type  : Slow 1200mV 85C Model Removal 'boud:inst|f_out_tmp'
Slack : 1.737
TNS   : 0.000

Type  : Slow 1200mV 85C Model Removal 'clkdiv:inst9|y'
Slack : 3.289
TNS   : 0.000

Type  : Slow 1200mV 85C Model Minimum Pulse Width 'clk'
Slack : -3.000
TNS   : -228.883

Type  : Slow 1200mV 85C Model Minimum Pulse Width 'RX'
Slack : -3.000
TNS   : -4.403

Type  : Slow 1200mV 85C Model Minimum Pulse Width 'boud:inst|f_out_tmp'
Slack : -1.403
TNS   : -49.105

Type  : Slow 1200mV 85C Model Minimum Pulse Width 'HC-SR04:inst17|clk_div_58msec:inst|y'
Slack : -1.403
TNS   : -25.254

Type  : Slow 1200mV 85C Model Minimum Pulse Width 'clkdiv:inst9|y'
Slack : -1.403
TNS   : -1.403

Type  : Slow 1200mV 85C Model Minimum Pulse Width 'RGB_ring:inst33|currentLedBit[3]'
Slack : 0.421
TNS   : 0.000

Type  : Slow 1200mV 0C Model Setup 'RGB_ring:inst33|currentLedBit[3]'
Slack : -6.321
TNS   : -42.341

Type  : Slow 1200mV 0C Model Setup 'clk'
Slack : -5.155
TNS   : -446.417

Type  : Slow 1200mV 0C Model Setup 'boud:inst|f_out_tmp'
Slack : -3.429
TNS   : -89.832

Type  : Slow 1200mV 0C Model Setup 'HC-SR04:inst17|clk_div_58msec:inst|y'
Slack : -1.383
TNS   : -15.919

Type  : Slow 1200mV 0C Model Hold 'boud:inst|f_out_tmp'
Slack : 0.304
TNS   : 0.000

Type  : Slow 1200mV 0C Model Hold 'clk'
Slack : 0.304
TNS   : 0.000

Type  : Slow 1200mV 0C Model Hold 'HC-SR04:inst17|clk_div_58msec:inst|y'
Slack : 0.306
TNS   : 0.000

Type  : Slow 1200mV 0C Model Hold 'RGB_ring:inst33|currentLedBit[3]'
Slack : 0.790
TNS   : 0.000

Type  : Slow 1200mV 0C Model Recovery 'clkdiv:inst9|y'
Slack : -2.929
TNS   : -2.929

Type  : Slow 1200mV 0C Model Recovery 'boud:inst|f_out_tmp'
Slack : -1.827
TNS   : -41.633

Type  : Slow 1200mV 0C Model Recovery 'RX'
Slack : -0.757
TNS   : -0.757

Type  : Slow 1200mV 0C Model Removal 'RX'
Slack : 0.905
TNS   : 0.000

Type  : Slow 1200mV 0C Model Removal 'boud:inst|f_out_tmp'
Slack : 1.584
TNS   : 0.000

Type  : Slow 1200mV 0C Model Removal 'clkdiv:inst9|y'
Slack : 3.049
TNS   : 0.000

Type  : Slow 1200mV 0C Model Minimum Pulse Width 'clk'
Slack : -3.000
TNS   : -228.883

Type  : Slow 1200mV 0C Model Minimum Pulse Width 'RX'
Slack : -3.000
TNS   : -4.403

Type  : Slow 1200mV 0C Model Minimum Pulse Width 'boud:inst|f_out_tmp'
Slack : -1.403
TNS   : -49.105

Type  : Slow 1200mV 0C Model Minimum Pulse Width 'HC-SR04:inst17|clk_div_58msec:inst|y'
Slack : -1.403
TNS   : -25.254

Type  : Slow 1200mV 0C Model Minimum Pulse Width 'clkdiv:inst9|y'
Slack : -1.403
TNS   : -1.403

Type  : Slow 1200mV 0C Model Minimum Pulse Width 'RGB_ring:inst33|currentLedBit[3]'
Slack : 0.394
TNS   : 0.000

Type  : Fast 1200mV 0C Model Setup 'RGB_ring:inst33|currentLedBit[3]'
Slack : -2.515
TNS   : -16.046

Type  : Fast 1200mV 0C Model Setup 'clk'
Slack : -1.880
TNS   : -118.444

Type  : Fast 1200mV 0C Model Setup 'boud:inst|f_out_tmp'
Slack : -1.505
TNS   : -35.814

Type  : Fast 1200mV 0C Model Setup 'HC-SR04:inst17|clk_div_58msec:inst|y'
Slack : -0.047
TNS   : -0.073

Type  : Fast 1200mV 0C Model Hold 'clk'
Slack : 0.046
TNS   : 0.000

Type  : Fast 1200mV 0C Model Hold 'boud:inst|f_out_tmp'
Slack : 0.147
TNS   : 0.000

Type  : Fast 1200mV 0C Model Hold 'HC-SR04:inst17|clk_div_58msec:inst|y'
Slack : 0.148
TNS   : 0.000

Type  : Fast 1200mV 0C Model Hold 'RGB_ring:inst33|currentLedBit[3]'
Slack : 0.288
TNS   : 0.000

Type  : Fast 1200mV 0C Model Recovery 'clkdiv:inst9|y'
Slack : -1.204
TNS   : -1.204

Type  : Fast 1200mV 0C Model Recovery 'boud:inst|f_out_tmp'
Slack : -0.376
TNS   : -6.915

Type  : Fast 1200mV 0C Model Recovery 'RX'
Slack : 0.017
TNS   : 0.000

Type  : Fast 1200mV 0C Model Removal 'RX'
Slack : 0.487
TNS   : 0.000

Type  : Fast 1200mV 0C Model Removal 'boud:inst|f_out_tmp'
Slack : 0.722
TNS   : 0.000

Type  : Fast 1200mV 0C Model Removal 'clkdiv:inst9|y'
Slack : 1.777
TNS   : 0.000

Type  : Fast 1200mV 0C Model Minimum Pulse Width 'clk'
Slack : -3.000
TNS   : -169.415

Type  : Fast 1200mV 0C Model Minimum Pulse Width 'RX'
Slack : -3.000
TNS   : -4.000

Type  : Fast 1200mV 0C Model Minimum Pulse Width 'boud:inst|f_out_tmp'
Slack : -1.000
TNS   : -35.000

Type  : Fast 1200mV 0C Model Minimum Pulse Width 'HC-SR04:inst17|clk_div_58msec:inst|y'
Slack : -1.000
TNS   : -18.000

Type  : Fast 1200mV 0C Model Minimum Pulse Width 'clkdiv:inst9|y'
Slack : -1.000
TNS   : -1.000

Type  : Fast 1200mV 0C Model Minimum Pulse Width 'RGB_ring:inst33|currentLedBit[3]'
Slack : 0.429
TNS   : 0.000

------------------------------------------------------------
