------------------------------------------------------------
TimeQuest Timing Analyzer Summary
------------------------------------------------------------

Type  : Slow 1200mV 85C Model Setup 'clk'
Slack : -5.435
TNS   : -350.426

Type  : Slow 1200mV 85C Model Setup 'boud:inst|f_out_tmp'
Slack : -3.109
TNS   : -77.740

Type  : Slow 1200mV 85C Model Setup 'HC-SR04:inst1|clk_div_58msec:inst|y'
Slack : -1.659
TNS   : -16.973

Type  : Slow 1200mV 85C Model Hold 'HC-SR04:inst1|clk_div_58msec:inst|y'
Slack : 0.341
TNS   : 0.000

Type  : Slow 1200mV 85C Model Hold 'clk'
Slack : 0.341
TNS   : 0.000

Type  : Slow 1200mV 85C Model Hold 'boud:inst|f_out_tmp'
Slack : 0.343
TNS   : 0.000

Type  : Slow 1200mV 85C Model Recovery 'clkdiv:inst9|y'
Slack : -3.171
TNS   : -3.171

Type  : Slow 1200mV 85C Model Recovery 'boud:inst|f_out_tmp'
Slack : -1.825
TNS   : -42.287

Type  : Slow 1200mV 85C Model Recovery 'RX'
Slack : -1.417
TNS   : -1.417

Type  : Slow 1200mV 85C Model Removal 'RX'
Slack : 1.234
TNS   : 0.000

Type  : Slow 1200mV 85C Model Removal 'boud:inst|f_out_tmp'
Slack : 1.545
TNS   : 0.000

Type  : Slow 1200mV 85C Model Removal 'clkdiv:inst9|y'
Slack : 3.037
TNS   : 0.000

Type  : Slow 1200mV 85C Model Minimum Pulse Width 'clk'
Slack : -3.000
TNS   : -154.524

Type  : Slow 1200mV 85C Model Minimum Pulse Width 'RX'
Slack : -3.000
TNS   : -4.403

Type  : Slow 1200mV 85C Model Minimum Pulse Width 'boud:inst|f_out_tmp'
Slack : -1.403
TNS   : -49.105

Type  : Slow 1200mV 85C Model Minimum Pulse Width 'HC-SR04:inst1|clk_div_58msec:inst|y'
Slack : -1.403
TNS   : -25.254

Type  : Slow 1200mV 85C Model Minimum Pulse Width 'clkdiv:inst9|y'
Slack : -1.403
TNS   : -1.403

Type  : Slow 1200mV 0C Model Setup 'clk'
Slack : -5.001
TNS   : -315.219

Type  : Slow 1200mV 0C Model Setup 'boud:inst|f_out_tmp'
Slack : -2.800
TNS   : -70.293

Type  : Slow 1200mV 0C Model Setup 'HC-SR04:inst1|clk_div_58msec:inst|y'
Slack : -1.431
TNS   : -14.266

Type  : Slow 1200mV 0C Model Hold 'HC-SR04:inst1|clk_div_58msec:inst|y'
Slack : 0.305
TNS   : 0.000

Type  : Slow 1200mV 0C Model Hold 'clk'
Slack : 0.306
TNS   : 0.000

Type  : Slow 1200mV 0C Model Hold 'boud:inst|f_out_tmp'
Slack : 0.309
TNS   : 0.000

Type  : Slow 1200mV 0C Model Recovery 'clkdiv:inst9|y'
Slack : -2.878
TNS   : -2.878

Type  : Slow 1200mV 0C Model Recovery 'boud:inst|f_out_tmp'
Slack : -1.599
TNS   : -36.691

Type  : Slow 1200mV 0C Model Recovery 'RX'
Slack : -1.226
TNS   : -1.226

Type  : Slow 1200mV 0C Model Removal 'RX'
Slack : 1.136
TNS   : 0.000

Type  : Slow 1200mV 0C Model Removal 'boud:inst|f_out_tmp'
Slack : 1.419
TNS   : 0.000

Type  : Slow 1200mV 0C Model Removal 'clkdiv:inst9|y'
Slack : 2.842
TNS   : 0.000

Type  : Slow 1200mV 0C Model Minimum Pulse Width 'clk'
Slack : -3.000
TNS   : -154.524

Type  : Slow 1200mV 0C Model Minimum Pulse Width 'RX'
Slack : -3.000
TNS   : -4.403

Type  : Slow 1200mV 0C Model Minimum Pulse Width 'boud:inst|f_out_tmp'
Slack : -1.403
TNS   : -49.105

Type  : Slow 1200mV 0C Model Minimum Pulse Width 'HC-SR04:inst1|clk_div_58msec:inst|y'
Slack : -1.403
TNS   : -25.254

Type  : Slow 1200mV 0C Model Minimum Pulse Width 'clkdiv:inst9|y'
Slack : -1.403
TNS   : -1.403

Type  : Fast 1200mV 0C Model Setup 'clk'
Slack : -1.846
TNS   : -79.967

Type  : Fast 1200mV 0C Model Setup 'boud:inst|f_out_tmp'
Slack : -1.101
TNS   : -25.785

Type  : Fast 1200mV 0C Model Setup 'HC-SR04:inst1|clk_div_58msec:inst|y'
Slack : -0.075
TNS   : -0.178

Type  : Fast 1200mV 0C Model Hold 'HC-SR04:inst1|clk_div_58msec:inst|y'
Slack : 0.148
TNS   : 0.000

Type  : Fast 1200mV 0C Model Hold 'clk'
Slack : 0.148
TNS   : 0.000

Type  : Fast 1200mV 0C Model Hold 'boud:inst|f_out_tmp'
Slack : 0.150
TNS   : 0.000

Type  : Fast 1200mV 0C Model Recovery 'clkdiv:inst9|y'
Slack : -1.150
TNS   : -1.150

Type  : Fast 1200mV 0C Model Recovery 'boud:inst|f_out_tmp'
Slack : -0.237
TNS   : -4.069

Type  : Fast 1200mV 0C Model Recovery 'RX'
Slack : -0.167
TNS   : -0.167

Type  : Fast 1200mV 0C Model Removal 'RX'
Slack : 0.623
TNS   : 0.000

Type  : Fast 1200mV 0C Model Removal 'boud:inst|f_out_tmp'
Slack : 0.657
TNS   : 0.000

Type  : Fast 1200mV 0C Model Removal 'clkdiv:inst9|y'
Slack : 1.636
TNS   : 0.000

Type  : Fast 1200mV 0C Model Minimum Pulse Width 'clk'
Slack : -3.000
TNS   : -114.941

Type  : Fast 1200mV 0C Model Minimum Pulse Width 'RX'
Slack : -3.000
TNS   : -4.163

Type  : Fast 1200mV 0C Model Minimum Pulse Width 'boud:inst|f_out_tmp'
Slack : -1.000
TNS   : -35.000

Type  : Fast 1200mV 0C Model Minimum Pulse Width 'HC-SR04:inst1|clk_div_58msec:inst|y'
Slack : -1.000
TNS   : -18.000

Type  : Fast 1200mV 0C Model Minimum Pulse Width 'clkdiv:inst9|y'
Slack : -1.000
TNS   : -1.000

------------------------------------------------------------
