------------------------------------------------------------
TimeQuest Timing Analyzer Summary
------------------------------------------------------------

Type  : Slow 1200mV 85C Model Setup 'clk'
Slack : -5.004
TNS   : -346.998

Type  : Slow 1200mV 85C Model Setup 'boud:inst|f_out_tmp'
Slack : -2.783
TNS   : -62.778

Type  : Slow 1200mV 85C Model Setup 'HC-SR04:inst17|clk_div_58msec:inst|y'
Slack : -1.677
TNS   : -16.364

Type  : Slow 1200mV 85C Model Hold 'boud:inst|f_out_tmp'
Slack : 0.253
TNS   : 0.000

Type  : Slow 1200mV 85C Model Hold 'HC-SR04:inst17|clk_div_58msec:inst|y'
Slack : 0.341
TNS   : 0.000

Type  : Slow 1200mV 85C Model Hold 'clk'
Slack : 0.341
TNS   : 0.000

Type  : Slow 1200mV 85C Model Recovery 'clkdiv:inst9|y'
Slack : -3.382
TNS   : -3.382

Type  : Slow 1200mV 85C Model Recovery 'RX'
Slack : -1.909
TNS   : -1.909

Type  : Slow 1200mV 85C Model Recovery 'boud:inst|f_out_tmp'
Slack : -1.796
TNS   : -40.672

Type  : Slow 1200mV 85C Model Removal 'boud:inst|f_out_tmp'
Slack : 1.612
TNS   : 0.000

Type  : Slow 1200mV 85C Model Removal 'RX'
Slack : 1.860
TNS   : 0.000

Type  : Slow 1200mV 85C Model Removal 'clkdiv:inst9|y'
Slack : 3.398
TNS   : 0.000

Type  : Slow 1200mV 85C Model Minimum Pulse Width 'clk'
Slack : -3.000
TNS   : -154.524

Type  : Slow 1200mV 85C Model Minimum Pulse Width 'RX'
Slack : -3.000
TNS   : -4.403

Type  : Slow 1200mV 85C Model Minimum Pulse Width 'boud:inst|f_out_tmp'
Slack : -1.403
TNS   : -49.105

Type  : Slow 1200mV 85C Model Minimum Pulse Width 'HC-SR04:inst17|clk_div_58msec:inst|y'
Slack : -1.403
TNS   : -25.254

Type  : Slow 1200mV 85C Model Minimum Pulse Width 'clkdiv:inst9|y'
Slack : -1.403
TNS   : -1.403

Type  : Slow 1200mV 0C Model Setup 'clk'
Slack : -4.576
TNS   : -311.480

Type  : Slow 1200mV 0C Model Setup 'boud:inst|f_out_tmp'
Slack : -2.465
TNS   : -55.949

Type  : Slow 1200mV 0C Model Setup 'HC-SR04:inst17|clk_div_58msec:inst|y'
Slack : -1.446
TNS   : -13.671

Type  : Slow 1200mV 0C Model Hold 'boud:inst|f_out_tmp'
Slack : 0.242
TNS   : 0.000

Type  : Slow 1200mV 0C Model Hold 'clk'
Slack : 0.305
TNS   : 0.000

Type  : Slow 1200mV 0C Model Hold 'HC-SR04:inst17|clk_div_58msec:inst|y'
Slack : 0.306
TNS   : 0.000

Type  : Slow 1200mV 0C Model Recovery 'clkdiv:inst9|y'
Slack : -3.080
TNS   : -3.080

Type  : Slow 1200mV 0C Model Recovery 'RX'
Slack : -1.653
TNS   : -1.653

Type  : Slow 1200mV 0C Model Recovery 'boud:inst|f_out_tmp'
Slack : -1.563
TNS   : -35.311

Type  : Slow 1200mV 0C Model Removal 'boud:inst|f_out_tmp'
Slack : 1.481
TNS   : 0.000

Type  : Slow 1200mV 0C Model Removal 'RX'
Slack : 1.673
TNS   : 0.000

Type  : Slow 1200mV 0C Model Removal 'clkdiv:inst9|y'
Slack : 3.172
TNS   : 0.000

Type  : Slow 1200mV 0C Model Minimum Pulse Width 'clk'
Slack : -3.000
TNS   : -154.524

Type  : Slow 1200mV 0C Model Minimum Pulse Width 'RX'
Slack : -3.000
TNS   : -4.403

Type  : Slow 1200mV 0C Model Minimum Pulse Width 'boud:inst|f_out_tmp'
Slack : -1.403
TNS   : -49.105

Type  : Slow 1200mV 0C Model Minimum Pulse Width 'HC-SR04:inst17|clk_div_58msec:inst|y'
Slack : -1.403
TNS   : -25.254

Type  : Slow 1200mV 0C Model Minimum Pulse Width 'clkdiv:inst9|y'
Slack : -1.403
TNS   : -1.403

Type  : Fast 1200mV 0C Model Setup 'clk'
Slack : -1.622
TNS   : -80.995

Type  : Fast 1200mV 0C Model Setup 'boud:inst|f_out_tmp'
Slack : -1.076
TNS   : -20.761

Type  : Fast 1200mV 0C Model Setup 'HC-SR04:inst17|clk_div_58msec:inst|y'
Slack : -0.081
TNS   : -0.155

Type  : Fast 1200mV 0C Model Hold 'HC-SR04:inst17|clk_div_58msec:inst|y'
Slack : 0.147
TNS   : 0.000

Type  : Fast 1200mV 0C Model Hold 'boud:inst|f_out_tmp'
Slack : 0.147
TNS   : 0.000

Type  : Fast 1200mV 0C Model Hold 'clk'
Slack : 0.148
TNS   : 0.000

Type  : Fast 1200mV 0C Model Recovery 'clkdiv:inst9|y'
Slack : -1.236
TNS   : -1.236

Type  : Fast 1200mV 0C Model Recovery 'RX'
Slack : -0.387
TNS   : -0.387

Type  : Fast 1200mV 0C Model Recovery 'boud:inst|f_out_tmp'
Slack : -0.198
TNS   : -2.914

Type  : Fast 1200mV 0C Model Removal 'boud:inst|f_out_tmp'
Slack : 0.671
TNS   : 0.000

Type  : Fast 1200mV 0C Model Removal 'RX'
Slack : 0.922
TNS   : 0.000

Type  : Fast 1200mV 0C Model Removal 'clkdiv:inst9|y'
Slack : 1.803
TNS   : 0.000

Type  : Fast 1200mV 0C Model Minimum Pulse Width 'clk'
Slack : -3.000
TNS   : -114.804

Type  : Fast 1200mV 0C Model Minimum Pulse Width 'RX'
Slack : -3.000
TNS   : -4.000

Type  : Fast 1200mV 0C Model Minimum Pulse Width 'boud:inst|f_out_tmp'
Slack : -1.000
TNS   : -35.000

Type  : Fast 1200mV 0C Model Minimum Pulse Width 'HC-SR04:inst17|clk_div_58msec:inst|y'
Slack : -1.000
TNS   : -18.000

Type  : Fast 1200mV 0C Model Minimum Pulse Width 'clkdiv:inst9|y'
Slack : -1.000
TNS   : -1.000

------------------------------------------------------------
